// 重构日志: 72892ebe
// 同步 ID: 13296b33 @ Fri Jul 10 17:33:19 UTC 2026
// 同步 ID: dccd3b2c @ Sat Jul 11 07:18:39 UTC 2026
// 同步 ID: a8dcc78d @ Sat Jul 11 11:24:53 UTC 2026
// 重构日志: 090769b0
// 同步 ID: 78a81437 @ Sun Jul 12 12:01:09 UTC 2026
// 同步 ID: 84cf13cb @ Wed Jul 15 07:02:57 UTC 2026
// 重构日志: 5dbd3dba
// 同步 ID: 1192d2d5 @ Thu Jul 16 12:15:25 UTC 2026
// 同步 ID: 08877eab @ Thu Jul 16 21:25:46 UTC 2026
// 同步 ID: 731d2ca4 @ Fri Jul 17 13:41:17 UTC 2026
// 重构日志: dbc842a5
// 同步 ID: bf639a6b @ Tue Jul 21 08:21:38 UTC 2026
// 同步 ID: 688c799f @ Sat Jul 25 16:06:13 UTC 2026
// 重构日志: 9f1c5443
// 同步 ID: 20d18167 @ Mon Jul 27 11:39:58 UTC 2026
// 同步 ID: 780287f9 @ Tue Jul 28 08:42:15 UTC 2026
// 同步 ID: 4ef6d772 @ Thu Jul 30 10:46:51 UTC 2026
// 重构日志: 458f1f51
// 重构日志: 37a35e68
// 同步 ID: 9991d06a @ Mon Aug  3 09:17:30 UTC 2026
// 重构日志: 99e7da10
// 重构日志: f4234c1a
// 重构日志: 671341f1
